Building macOS application...                                   
/Users/twang/bnpb/macos/Flutter/GeneratedPluginRegistrant.swift:8:8: error: compiling for macOS 10.15, but module 'file_picker' has a minimum deployment target of macOS 11.0: /Users/twang/bnpb/build/macos/Build/Products/Release/file_picker/file_picker.framework/Modules/file_picker.swiftmodule/x86_64-apple-macos.swiftmodule
import file_picker
       ^
Failed frontend command:
/Applications/Xcode.app/Contents/Developer/Toolchains/XcodeDefault.xctoolchain/usr/bin/swift-frontend -frontend -c /Users/twang/bnpb/macos/Runner/MainFlutterWindow.swift /Users/twang/bnpb/macos/Runner/AppDelegate.swift /Users/twang/bnpb/macos/Flutter/GeneratedPluginRegistrant.swift /Users/twang/bnpb/build/macos/Build/Intermediates.noindex/Runner.build/Release/Runner.build/DerivedSources/GeneratedAssetSymbols.swift -supplementary-output-file-map /Users/twang/bnpb/build/macos/Build/Intermediates.noindex/Runner.build/Release/Runner.build/Objects-normal/x86_64/supplementaryOutputs-1 -target x86_64-apple-macos10.15 -module-can-import-version AppKit 2685.30.107 2685.30.107 -module-can-import-version DeveloperToolsSupport 23.0.4 23.0.4 -module-can-import-version SwiftUI 7.2.5.1 7.2.5 -load-resolved-plugin /Applications/Xcode.app/Contents/Developer/Platforms/MacOSX.platform/Developer/usr/lib/swift/host/plugins/libFoundationMacros.dylib\#/Applications/Xcode.app/Contents/Developer/Platforms/MacOSX.platform/Developer/usr/bin/swift-plugin-server\#FoundationMacros -load-resolved-plugin /Applications/Xcode.app/Contents/Developer/Platforms/MacOSX.platform/Developer/usr/lib/swift/host/plugins/libObservationMacros.dylib\#/Applications/Xcode.app/Contents/Developer/Platforms/MacOSX.platform/Developer/usr/bin/swift-plugin-server\#ObservationMacros -load-resolved-plugin /Applications/Xcode.app/Contents/Developer/Platforms/MacOSX.platform/Developer/usr/lib/swift/host/plugins/libPreviewsMacros.dylib\#/Applications/Xcode.app/Contents/Developer/Platforms/MacOSX.platform/Developer/usr/bin/swift-plugin-server\#PreviewsMacros -load-resolved-plugin /Applications/Xcode.app/Contents/Developer/Platforms/MacOSX.platform/Developer/usr/lib/swift/host/plugins/libSwiftMacros.dylib\#/Applications/Xcode.app/Contents/Developer/Platforms/MacOSX.platform/Developer/usr/bin/swift-plugin-server\#SwiftMacros -load-resolved-plugin /Applications/Xcode.app/Contents/Developer/Platforms/MacOSX.platform/Developer/usr/lib/swift/host/plugins/libSwiftUIMacros.dylib\#/Applications/Xcode.app/Contents/Developer/Platforms/MacOSX.platform/Developer/usr/bin/swift-plugin-server\#SwiftUIMacros -disable-implicit-swift-modules -Xcc -fno-implicit-modules -Xcc -fno-implicit-module-maps -explicit-swift-module-map-file /Users/twang/bnpb/build/macos/Build/Intermediates.noindex/Runner.build/Release/Runner.build/Objects-normal/x86_64/bnpb-dependencies-2.json -enable-objc-interop -stack-check -sdk /Applications/Xcode.app/Contents/Developer/Platforms/MacOSX.platform/Developer/SDKs/MacOSX26.2.sdk -I /Users/twang/bnpb/build/macos/Build/Products/Release -F /Users/twang/bnpb/build/macos/Build/Products/Release -F /Users/twang/bnpb/build/macos/Build/Products/Release/CwlCatchException -F /Users/twang/bnpb/build/macos/Build/Products/Release/CwlCatchExceptionSupport -F /Users/twang/bnpb/build/macos/Build/Products/Release/FMDB -F /Users/twang/bnpb/build/macos/Build/Products/Release/SQLCipher -F /Users/twang/bnpb/build/macos/Build/Products/Release/file_picker -F /Users/twang/bnpb/build/macos/Build/Products/Release/flutter_local_notifications -F /Users/twang/bnpb/build/macos/Build/Products/Release/flutter_secure_storage_darwin -F /Users/twang/bnpb/build/macos/Build/Products/Release/flutter_timezone -F /Users/twang/bnpb/build/macos/Build/Products/Release/local_auth_darwin -F /Users/twang/bnpb/build/macos/Build/Products/Release/share_plus -F /Users/twang/bnpb/build/macos/Build/Products/Release/shared_preferences_foundation -F /Users/twang/bnpb/build/macos/Build/Products/Release/speech_to_text -F /Users/twang/bnpb/build/macos/Build/Products/Release/sqflite_sqlcipher -F /Users/twang/bnpb/build/macos/Build/Products/Release/sqlcipher_flutter_libs -no-color-diagnostics -Xcc -fno-color-diagnostics -g -debug-info-format\=dwarf -dwarf-version\=4 -module-cache-path /Users/twang/bnpb/build/macos/Build/Intermediates.noindex/SwiftExplicitPrecompiledModules -swift-version 5 -enforce-exclusivity\=checked -O -D COCOAPODS -serialize-debugging-options -const-gather-protocols-file /Users/twang/bnpb/build/macos/Build/Intermediates.noindex/Runner.build/Release/Runner.build/Objects-normal/x86_64/Runner_const_extract_protocols.json -enable-experimental-feature DebugDescriptionMacro -enable-bare-slash-regex -empty-abi-descriptor -validate-clang-modules-once -clang-build-session-file /Users/twang/bnpb/build/macos/ModuleCache.noindex/Session.modulevalidation -Xcc -working-directory -Xcc /Users/twang/bnpb/macos -file-compilation-dir /Users/twang/bnpb/macos -Xcc -ivfsstatcache -Xcc /Users/twang/bnpb/build/macos/SDKStatCaches.noindex/macosx26.2-25C57-00fa09913b459cbbc988d1f6730289ae.sdkstatcache -Xcc -I/Users/twang/bnpb/build/macos/Build/Intermediates.noindex/Runner.build/Release/Runner.build/swift-overrides.hmap -Xcc -iquote -Xcc /Users/twang/bnpb/build/macos/Build/Intermediates.noindex/Runner.build/Release/Runner.build/bnpb-generated-files.hmap -Xcc -I/Users/twang/bnpb/build/macos/Build/Intermediates.noindex/Runner.build/Release/Runner.build/bnpb-own-target-headers.hmap -Xcc -I/Users/twang/bnpb/build/macos/Build/Intermediates.noindex/Runner.build/Release/Runner.build/bnpb-all-non-framework-target-headers.hmap -Xcc -ivfsoverlay -Xcc /Users/twang/bnpb/build/macos/Build/Intermediates.noindex/Runner.build/Release/Runner-18c1723432283e0cc55f10a6dcfd9e02-VFS/all-product-headers.yaml -Xcc -iquote -Xcc /Users/twang/bnpb/build/macos/Build/Intermediates.noindex/Runner.build/Release/Runner.build/bnpb-project-headers.hmap -Xcc -I/Users/twang/bnpb/build/macos/Build/Products/Release/include -Xcc -I/Users/twang/bnpb/build/macos/Build/Products/Release/CwlCatchException/CwlCatchException.framework/Headers -Xcc -I/Users/twang/bnpb/build/macos/Build/Products/Release/CwlCatchExceptionSupport/CwlCatchExceptionSupport.framework/Headers -Xcc -I/Users/twang/bnpb/build/macos/Build/Products/Release/FMDB/FMDB.framework/Headers -Xcc -I/Users/twang/bnpb/build/macos/Build/Products/Release/SQLCipher/SQLCipher.framework/Headers -Xcc -I/Users/twang/bnpb/build/macos/Build/Products/Release/file_picker/file_picker.framework/Headers -Xcc -I/Users/twang/bnpb/build/macos/Build/Products/Release/flutter_local_notifications/flutter_local_notifications.framework/Headers -Xcc -I/Users/twang/bnpb/build/macos/Build/Products/Release/flutter_secure_storage_darwin/flutter_secure_storage_darwin.framework/Headers -Xcc -I/Users/twang/bnpb/build/macos/Build/Products/Release/flutter_timezone/flutter_timezone.framework/Headers -Xcc -I/Users/twang/bnpb/build/macos/Build/Products/Release/local_auth_darwin/local_auth_darwin.framework/Headers -Xcc -I/Users/twang/bnpb/build/macos/Build/Products/Release/share_plus/share_plus.framework/Headers -Xcc -I/Users/twang/bnpb/build/macos/Build/Products/Release/shared_preferences_foundation/shared_preferences_foundation.framework/Headers -Xcc -I/Users/twang/bnpb/build/macos/Build/Products/Release/speech_to_text/speech_to_text.framework/Headers -Xcc -I/Users/twang/bnpb/build/macos/Build/Products/Release/sqflite_sqlcipher/sqflite_sqlcipher.framework/Headers -Xcc -I/Users/twang/bnpb/build/macos/Build/Products/Release/sqlcipher_flutter_libs/sqlcipher_flutter_libs.framework/Headers -Xcc -ISQLCipher -Xcc -I/Users/twang/bnpb/macos/Pods/SQLCipher -Xcc -I/Users/twang/bnpb/build/macos/Build/Intermediates.noindex/Runner.build/Release/Runner.build/DerivedSources-normal/x86_64 -Xcc -I/Users/twang/bnpb/build/macos/Build/Intermediates.noindex/Runner.build/Release/Runner.build/DerivedSources/x86_64 -Xcc -I/Users/twang/bnpb/build/macos/Build/Intermediates.noindex/Runner.build/Release/Runner.build/DerivedSources -Xcc -DCOCOAPODS\=1 -Xcc -DSQLITE_HAS_CODEC\=1 -Xcc -D_SQLITE3_H_\=1 -Xcc -D_FTS5_H\=1 -Xcc -D_SQLITE3RTREE_H_\=1 -no-auto-bridging-header-chaining -module-name bnpb -frontend-parseable-output -disable-clang-spi -target-sdk-version 26.2 -target-sdk-name macosx26.2 -clang-target x86_64-apple-macos26.2 -in-process-plugin-server-path /Applications/Xcode.app/Contents/Developer/Toolchains/XcodeDefault.xctoolchain/usr/lib/swift/host/libSwiftInProcPluginServer.dylib -enable-default-cmo -num-threads 8 -o /Users/twang/bnpb/build/macos/Build/Intermediates.noindex/Runner.build/Release/Runner.build/Objects-normal/x86_64/MainFlutterWindow.o -o /Users/twang/bnpb/build/macos/Build/Intermediates.noindex/Runner.build/Release/Runner.build/Objects-normal/x86_64/AppDelegate.o -o /Users/twang/bnpb/build/macos/Build/Intermediates.noindex/Runner.build/Release/Runner.build/Objects-normal/x86_64/GeneratedPluginRegistrant.o -o /Users/twang/bnpb/build/macos/Build/Intermediates.noindex/Runner.build/Release/Runner.build/Objects-normal/x86_64/GeneratedAssetSymbols.o -index-unit-output-path /Runner.build/Release/Runner.build/Objects-normal/x86_64/MainFlutterWindow.o -index-unit-output-path /Runner.build/Release/Runner.build/Objects-normal/x86_64/AppDelegate.o -index-unit-output-path /Runner.build/Release/Runner.build/Objects-normal/x86_64/GeneratedPluginRegistrant.o -index-unit-output-path /Runner.build/Release/Runner.build/Objects-normal/x86_64/GeneratedAssetSymbols.o
Failed frontend command:
/Applications/Xcode.app/Contents/Developer/Toolchains/XcodeDefault.xctoolchain/usr/bin/swift-frontend -frontend -c /Users/twang/bnpb/macos/Runner/MainFlutterWindow.swift /Users/twang/bnpb/macos/Runner/AppDelegate.swift /Users/twang/bnpb/macos/Flutter/GeneratedPluginRegistrant.swift /Users/twang/bnpb/build/macos/Build/Intermediates.noindex/Runner.build/Release/Runner.build/DerivedSources/GeneratedAssetSymbols.swift -supplementary-output-file-map /Users/twang/bnpb/build/macos/Build/Intermediates.noindex/Runner.build/Release/Runner.build/Objects-normal/arm64/supplementaryOutputs-2 -target arm64-apple-macos10.15 -module-can-import-version AppKit 2685.30.107 2685.30.107 -module-can-import-version DeveloperToolsSupport 23.0.4 23.0.4 -module-can-import-version SwiftUI 7.2.5.1 7.2.5 -load-resolved-plugin /Applications/Xcode.app/Contents/Developer/Platforms/MacOSX.platform/Developer/usr/lib/swift/host/plugins/libFoundationMacros.dylib\#/Applications/Xcode.app/Contents/Developer/Platforms/MacOSX.platform/Developer/usr/bin/swift-plugin-server\#FoundationMacros -load-resolved-plugin /Applications/Xcode.app/Contents/Developer/Platforms/MacOSX.platform/Developer/usr/lib/swift/host/plugins/libObservationMacros.dylib\#/Applications/Xcode.app/Contents/Developer/Platforms/MacOSX.platform/Developer/usr/bin/swift-plugin-server\#ObservationMacros -load-resolved-plugin /Applications/Xcode.app/Contents/Developer/Platforms/MacOSX.platform/Developer/usr/lib/swift/host/plugins/libPreviewsMacros.dylib\#/Applications/Xcode.app/Contents/Developer/Platforms/MacOSX.platform/Developer/usr/bin/swift-plugin-server\#PreviewsMacros -load-resolved-plugin /Applications/Xcode.app/Contents/Developer/Platforms/MacOSX.platform/Developer/usr/lib/swift/host/plugins/libSwiftMacros.dylib\#/Applications/Xcode.app/Contents/Developer/Platforms/MacOSX.platform/Developer/usr/bin/swift-plugin-server\#SwiftMacros -load-resolved-plugin /Applications/Xcode.app/Contents/Developer/Platforms/MacOSX.platform/Developer/usr/lib/swift/host/plugins/libSwiftUIMacros.dylib\#/Applications/Xcode.app/Contents/Developer/Platforms/MacOSX.platform/Developer/usr/bin/swift-plugin-server\#SwiftUIMacros -disable-implicit-swift-modules -Xcc -fno-implicit-modules -Xcc -fno-implicit-module-maps -explicit-swift-module-map-file /Users/twang/bnpb/build/macos/Build/Intermediates.noindex/Runner.build/Release/Runner.build/Objects-normal/arm64/bnpb-dependencies-1.json -Xllvm -aarch64-use-tbi -enable-objc-interop -stack-check -sdk /Applications/Xcode.app/Contents/Developer/Platforms/MacOSX.platform/Developer/SDKs/MacOSX26.2.sdk -I /Users/twang/bnpb/build/macos/Build/Products/Release -F /Users/twang/bnpb/build/macos/Build/Products/Release -F /Users/twang/bnpb/build/macos/Build/Products/Release/CwlCatchException -F /Users/twang/bnpb/build/macos/Build/Products/Release/CwlCatchExceptionSupport -F /Users/twang/bnpb/build/macos/Build/Products/Release/FMDB -F /Users/twang/bnpb/build/macos/Build/Products/Release/SQLCipher -F /Users/twang/bnpb/build/macos/Build/Products/Release/file_picker -F /Users/twang/bnpb/build/macos/Build/Products/Release/flutter_local_notifications -F /Users/twang/bnpb/build/macos/Build/Products/Release/flutter_secure_storage_darwin -F /Users/twang/bnpb/build/macos/Build/Products/Release/flutter_timezone -F /Users/twang/bnpb/build/macos/Build/Products/Release/local_auth_darwin -F /Users/twang/bnpb/build/macos/Build/Products/Release/share_plus -F /Users/twang/bnpb/build/macos/Build/Products/Release/shared_preferences_foundation -F /Users/twang/bnpb/build/macos/Build/Products/Release/speech_to_text -F /Users/twang/bnpb/build/macos/Build/Products/Release/sqflite_sqlcipher -F /Users/twang/bnpb/build/macos/Build/Products/Release/sqlcipher_flutter_libs -no-color-diagnostics -Xcc -fno-color-diagnostics -g -debug-info-format\=dwarf -dwarf-version\=4 -module-cache-path /Users/twang/bnpb/build/macos/Build/Intermediates.noindex/SwiftExplicitPrecompiledModules -swift-version 5 -enforce-exclusivity\=checked -O -D COCOAPODS -serialize-debugging-options -const-gather-protocols-file /Users/twang/bnpb/build/macos/Build/Intermediates.noindex/Runner.build/Release/Runner.build/Objects-normal/arm64/Runner_const_extract_protocols.json -enable-experimental-feature DebugDescriptionMacro -enable-bare-slash-regex -empty-abi-descriptor -validate-clang-modules-once -clang-build-session-file /Users/twang/bnpb/build/macos/ModuleCache.noindex/Session.modulevalidation -Xcc -working-directory -Xcc /Users/twang/bnpb/macos -file-compilation-dir /Users/twang/bnpb/macos -Xcc -ivfsstatcache -Xcc /Users/twang/bnpb/build/macos/SDKStatCaches.noindex/macosx26.2-25C57-00fa09913b459cbbc988d1f6730289ae.sdkstatcache -Xcc -I/Users/twang/bnpb/build/macos/Build/Intermediates.noindex/Runner.build/Release/Runner.build/swift-overrides.hmap -Xcc -iquote -Xcc /Users/twang/bnpb/build/macos/Build/Intermediates.noindex/Runner.build/Release/Runner.build/bnpb-generated-files.hmap -Xcc -I/Users/twang/bnpb/build/macos/Build/Intermediates.noindex/Runner.build/Release/Runner.build/bnpb-own-target-headers.hmap -Xcc -I/Users/twang/bnpb/build/macos/Build/Intermediates.noindex/Runner.build/Release/Runner.build/bnpb-all-non-framework-target-headers.hmap -Xcc -ivfsoverlay -Xcc /Users/twang/bnpb/build/macos/Build/Intermediates.noindex/Runner.build/Release/Runner-18c1723432283e0cc55f10a6dcfd9e02-VFS/all-product-headers.yaml -Xcc -iquote -Xcc /Users/twang/bnpb/build/macos/Build/Intermediates.noindex/Runner.build/Release/Runner.build/bnpb-project-headers.hmap -Xcc -I/Users/twang/bnpb/build/macos/Build/Products/Release/include -Xcc -I/Users/twang/bnpb/build/macos/Build/Products/Release/CwlCatchException/CwlCatchException.framework/Headers -Xcc -I/Users/twang/bnpb/build/macos/Build/Products/Release/CwlCatchExceptionSupport/CwlCatchExceptionSupport.framework/Headers -Xcc -I/Users/twang/bnpb/build/macos/Build/Products/Release/FMDB/FMDB.framework/Headers -Xcc -I/Users/twang/bnpb/build/macos/Build/Products/Release/SQLCipher/SQLCipher.framework/Headers -Xcc -I/Users/twang/bnpb/build/macos/Build/Products/Release/file_picker/file_picker.framework/Headers -Xcc -I/Users/twang/bnpb/build/macos/Build/Products/Release/flutter_local_notifications/flutter_local_notifications.framework/Headers -Xcc -I/Users/twang/bnpb/build/macos/Build/Products/Release/flutter_secure_storage_darwin/flutter_secure_storage_darwin.framework/Headers -Xcc -I/Users/twang/bnpb/build/macos/Build/Products/Release/flutter_timezone/flutter_timezone.framework/Headers -Xcc -I/Users/twang/bnpb/build/macos/Build/Products/Release/local_auth_darwin/local_auth_darwin.framework/Headers -Xcc -I/Users/twang/bnpb/build/macos/Build/Products/Release/share_plus/share_plus.framework/Headers -Xcc -I/Users/twang/bnpb/build/macos/Build/Products/Release/shared_preferences_foundation/shared_preferences_foundation.framework/Headers -Xcc -I/Users/twang/bnpb/build/macos/Build/Products/Release/speech_to_text/speech_to_text.framework/Headers -Xcc -I/Users/twang/bnpb/build/macos/Build/Products/Release/sqflite_sqlcipher/sqflite_sqlcipher.framework/Headers -Xcc -I/Users/twang/bnpb/build/macos/Build/Products/Release/sqlcipher_flutter_libs/sqlcipher_flutter_libs.framework/Headers -Xcc -ISQLCipher -Xcc -I/Users/twang/bnpb/macos/Pods/SQLCipher -Xcc -I/Users/twang/bnpb/build/macos/Build/Intermediates.noindex/Runner.build/Release/Runner.build/DerivedSources-normal/arm64 -Xcc -I/Users/twang/bnpb/build/macos/Build/Intermediates.noindex/Runner.build/Release/Runner.build/DerivedSources/arm64 -Xcc -I/Users/twang/bnpb/build/macos/Build/Intermediates.noindex/Runner.build/Release/Runner.build/DerivedSources -Xcc -DCOCOAPODS\=1 -Xcc -DSQLITE_HAS_CODEC\=1 -Xcc -D_SQLITE3_H_\=1 -Xcc -D_FTS5_H\=1 -Xcc -D_SQLITE3RTREE_H_\=1 -no-auto-bridging-header-chaining -module-name bnpb -frontend-parseable-output -disable-clang-spi -target-sdk-version 26.2 -target-sdk-name macosx26.2 -clang-target arm64-apple-macos26.2 -in-process-plugin-server-path /Applications/Xcode.app/Contents/Developer/Toolchains/XcodeDefault.xctoolchain/usr/lib/swift/host/libSwiftInProcPluginServer.dylib -enable-default-cmo -num-threads 8 -o /Users/twang/bnpb/build/macos/Build/Intermediates.noindex/Runner.build/Release/Runner.build/Objects-normal/arm64/MainFlutterWindow.o -o /Users/twang/bnpb/build/macos/Build/Intermediates.noindex/Runner.build/Release/Runner.build/Objects-normal/arm64/AppDelegate.o -o /Users/twang/bnpb/build/macos/Build/Intermediates.noindex/Runner.build/Release/Runner.build/Objects-normal/arm64/GeneratedPluginRegistrant.o -o /Users/twang/bnpb/build/macos/Build/Intermediates.noindex/Runner.build/Release/Runner.build/Objects-normal/arm64/GeneratedAssetSymbols.o -index-unit-output-path /Runner.build/Release/Runner.build/Objects-normal/arm64/MainFlutterWindow.o -index-unit-output-path /Runner.build/Release/Runner.build/Objects-normal/arm64/AppDelegate.o -index-unit-output-path /Runner.build/Release/Runner.build/Objects-normal/arm64/GeneratedPluginRegistrant.o -index-unit-output-path /Runner.build/Release/Runner.build/Objects-normal/arm64/GeneratedAssetSymbols.o
/Users/twang/bnpb/macos/Flutter/GeneratedPluginRegistrant.swift:8:8: error: compiling for macOS 10.15, but module 'file_picker' has a minimum deployment target of macOS 11.0: /Users/twang/bnpb/build/macos/Build/Products/Release/file_picker/file_picker.framework/Modules/file_picker.swiftmodule/arm64-apple-macos.swiftmodule
import file_picker
       ^
** BUILD FAILED **

Build process failed
