00:00 +0: loading /Users/twang/bnpb/test/repositories/analytics_repository_test.dart                                                                                                                   00:01 +0: loading /Users/twang/bnpb/test/repositories/analytics_repository_test.dart                                                                                                                   00:01 +0 -1: loading /Users/twang/bnpb/test/repositories/analytics_repository_test.dart [E]                                                                                                            
  Failed to load "/Users/twang/bnpb/test/repositories/analytics_repository_test.dart":
  Compilation failed for testPath=/Users/twang/bnpb/test/repositories/analytics_repository_test.dart: test/repositories/mock_db_helper.dart:3:8: Error: Error when reading 'lib/models/attendance_entry.dart': No such file or directory
  import 'package:bnpb/models/attendance_entry.dart';
         ^
  test/repositories/mock_db_helper.dart:4:8: Error: Error when reading 'lib/models/attendance_session.dart': No such file or directory
  import 'package:bnpb/models/attendance_session.dart';
         ^
  test/repositories/mock_db_helper.dart:35:10: Error: Type 'AttendanceSession' not found.
    Future<AttendanceSession> insertAttendanceSession(AttendanceSession session) => throw UnimplementedError();
           ^^^^^^^^^^^^^^^^^
  test/repositories/mock_db_helper.dart:35:53: Error: Type 'AttendanceSession' not found.
    Future<AttendanceSession> insertAttendanceSession(AttendanceSession session) => throw UnimplementedError();
                                                      ^^^^^^^^^^^^^^^^^
  test/repositories/mock_db_helper.dart:41:10: Error: Type 'AttendanceEntry' not found.
    Future<AttendanceEntry> upsertAttendanceEntry(AttendanceEntry entry) => throw UnimplementedError();
           ^^^^^^^^^^^^^^^
  test/repositories/mock_db_helper.dart:41:49: Error: Type 'AttendanceEntry' not found.
    Future<AttendanceEntry> upsertAttendanceEntry(AttendanceEntry entry) => throw UnimplementedError();
                                                  ^^^^^^^^^^^^^^^
  test/repositories/mock_db_helper.dart:44:15: Error: Type 'AttendanceSession' not found.
    Future<List<AttendanceSession>> getAttendanceSessions({int? sessionId}) => throw UnimplementedError();
                ^^^^^^^^^^^^^^^^^
  test/repositories/mock_db_helper.dart:47:15: Error: Type 'AttendanceEntry' not found.
    Future<List<AttendanceEntry>> getAttendanceEntries(int sessionId) => throw UnimplementedError();
                ^^^^^^^^^^^^^^^
  lib/repositories/analytics_repository.dart:175:26: Error: The getter 'totalInteractions' isn't defined for the type 'AnalyticsRepository'.
   - 'AnalyticsRepository' is from 'package:bnpb/repositories/analytics_repository.dart' ('lib/repositories/analytics_repository.dart').
  Try correcting the name to the name of an existing getter, or defining a getter or field named 'totalInteractions'.
        totalInteractions: totalInteractions,
                           ^^^^^^^^^^^^^^^^^
  lib/repositories/analytics_repository.dart:176:21: Error: The getter 'totalMinutes' isn't defined for the type 'AnalyticsRepository'.
   - 'AnalyticsRepository' is from 'package:bnpb/repositories/analytics_repository.dart' ('lib/repositories/analytics_repository.dart').
  Try correcting the name to the name of an existing getter, or defining a getter or field named 'totalMinutes'.
        totalMinutes: totalMinutes,
                      ^^^^^^^^^^^^
  lib/repositories/analytics_repository.dart:177:27: Error: The getter 'contactInvestments' isn't defined for the type 'AnalyticsRepository'.
   - 'AnalyticsRepository' is from 'package:bnpb/repositories/analytics_repository.dart' ('lib/repositories/analytics_repository.dart').
  Try correcting the name to the name of an existing getter, or defining a getter or field named 'contactInvestments'.
        contactInvestments: contactInvestments,
                            ^^^^^^^^^^^^^^^^^^
  lib/repositories/analytics_repository.dart:178:26: Error: The getter 'categoryBreakdown' isn't defined for the type 'AnalyticsRepository'.
   - 'AnalyticsRepository' is from 'package:bnpb/repositories/analytics_repository.dart' ('lib/repositories/analytics_repository.dart').
  Try correcting the name to the name of an existing getter, or defining a getter or field named 'categoryBreakdown'.
        categoryBreakdown: categoryBreakdown,
                           ^^^^^^^^^^^^^^^^^
  lib/repositories/analytics_repository.dart:179:17: Error: The getter 'timeline' isn't defined for the type 'AnalyticsRepository'.
   - 'AnalyticsRepository' is from 'package:bnpb/repositories/analytics_repository.dart' ('lib/repositories/analytics_repository.dart').
  Try correcting the name to the name of an existing getter, or defining a getter or field named 'timeline'.
        timeline: timeline,
                  ^^^^^^^^
  test/repositories/mock_db_helper.dart:35:53: Error: 'AttendanceSession' isn't a type.
    Future<AttendanceSession> insertAttendanceSession(AttendanceSession session) => throw UnimplementedError();
                                                      ^^^^^^^^^^^^^^^^^
  test/repositories/mock_db_helper.dart:41:49: Error: 'AttendanceEntry' isn't a type.
    Future<AttendanceEntry> upsertAttendanceEntry(AttendanceEntry entry) => throw UnimplementedError();
                                                  ^^^^^^^^^^^^^^^
  .

To run this test again: /opt/homebrew/share/flutter/bin/cache/dart-sdk/bin/dart test /Users/twang/bnpb/test/repositories/analytics_repository_test.dart -p vm --plain-name 'loading /Users/twang/bnpb/test/repositories/analytics_repository_test.dart'
00:01 +0 -1: Some tests failed.                                                                                                                                                                        
